2026-09-07 14:59:59.432 | INFO     | app.core.middleware:dispatch:70 - POST /api/v1/patients/ Status=201 Time=0.021s
2026-09-07 14:59:59.464 | INFO     | app.core.middleware:dispatch:70 - POST /api/v1/doctors/ Status=201 Time=0.0198s
2026-09-07 14:59:59.502 | INFO     | app.core.middleware:dispatch:70 - POST /api/v1/appointments/ Status=201 Time=0.0272s
2026-09-07 15:00:00.018 | INFO     | app.core.middleware:dispatch:70 - POST /api/v1/patients/ Status=201 Time=0.017s
2026-09-07 15:00:00.047 | INFO     | app.core.middleware:dispatch:70 - POST /api/v1/patients/ Status=201 Time=0.0154s
2026-09-07 15:00:00.073 | INFO     | app.core.middleware:dispatch:70 - POST /api/v1/doctors/ Status=201 Time=0.0145s
2026-09-07 15:00:00.099 | INFO     | app.core.middleware:dispatch:70 - POST /api/v1/doctors/ Status=201 Time=0.0148s
2026-09-07 15:00:00.127 | INFO     | app.core.middleware:dispatch:70 - POST /api/v1/doctors/ Status=201 Time=0.015s
2026-09-07 15:00:00.144 | INFO     | app.core.middleware:dispatch:70 - POST /api/v1/appointments/ Status=404 Time=0.0048s
2026-09-07 15:00:00.160 | INFO     | app.core.middleware:dispatch:70 - POST /api/v1/appointments/ Status=400 Time=0.0054s
2026-09-07 15:00:00.179 | INFO     | app.core.middleware:dispatch:70 - POST /api/v1/appointments/ Status=404 Time=0.0063s
2026-09-07 15:00:00.195 | INFO     | app.core.middleware:dispatch:70 - POST /api/v1/appointments/ Status=400 Time=0.006s
2026-09-07 15:00:00.216 | INFO     | app.core.middleware:dispatch:70 - POST /api/v1/appointments/ Status=400 Time=0.0089s
2026-09-07 15:00:00.764 | INFO     | app.core.middleware:dispatch:70 - POST /api/v1/patients/ Status=201 Time=0.0271s
2026-09-07 15:00:00.805 | INFO     | app.core.middleware:dispatch:70 - POST /api/v1/patients/ Status=201 Time=0.0257s
2026-09-07 15:00:00.829 | INFO     | app.core.middleware:dispatch:70 - POST /api/v1/doctors/ Status=201 Time=0.0138s
2026-09-07 15:00:00.860 | INFO     | app.core.middleware:dispatch:70 - POST /api/v1/appointments/ Status=201 Time=0.0203s
2026-09-07 15:00:00.878 | INFO     | app.core.middleware:dispatch:70 - POST /api/v1/appointments/ Status=409 Time=0.0081s
2026-09-07 15:00:01.384 | INFO     | app.core.middleware:dispatch:70 - POST /api/v1/patients/ Status=201 Time=0.0139s
2026-09-07 15:00:01.410 | INFO     | app.core.middleware:dispatch:70 - POST /api/v1/doctors/ Status=201 Time=0.0142s
2026-09-07 15:00:01.444 | INFO     | app.core.middleware:dispatch:70 - POST /api/v1/appointments/ Status=201 Time=0.0212s
2026-09-07 15:00:01.472 | INFO     | app.core.middleware:dispatch:70 - POST /api/v1/appointments/ Status=201 Time=0.0179s
2026-09-07 15:00:01.491 | INFO     | app.core.middleware:dispatch:70 - GET /api/v1/appointments/ Status=200 Time=0.0159s
2026-09-07 15:00:01.505 | INFO     | app.core.middleware:dispatch:70 - GET /api/v1/appointments/ Status=200 Time=0.0107s
2026-09-07 15:00:02.017 | INFO     | app.core.middleware:dispatch:70 - POST /api/v1/patients/ Status=201 Time=0.0163s
2026-09-07 15:00:02.045 | INFO     | app.core.middleware:dispatch:70 - POST /api/v1/doctors/ Status=201 Time=0.0157s
2026-09-07 15:00:02.076 | INFO     | app.core.middleware:dispatch:70 - POST /api/v1/appointments/ Status=201 Time=0.019s
2026-09-07 15:00:02.087 | INFO     | app.core.middleware:dispatch:70 - GET /api/v1/appointments/APT-000001 Status=200 Time=0.0079s
2026-09-07 15:00:02.116 | INFO     | app.core.middleware:dispatch:70 - PUT /api/v1/appointments/APT-000001 Status=200 Time=0.0186s
2026-09-07 15:00:02.151 | INFO     | app.core.middleware:dispatch:70 - PATCH /api/v1/appointments/APT-000001/reschedule Status=200 Time=0.0222s
2026-09-07 15:00:02.178 | INFO     | app.core.middleware:dispatch:70 - DELETE /api/v1/appointments/APT-000001 Status=200 Time=0.0157s
2026-09-07 15:00:02.690 | INFO     | app.core.middleware:dispatch:70 - POST /api/v1/patients/ Status=201 Time=0.0153s
2026-09-07 15:00:02.716 | INFO     | app.core.middleware:dispatch:70 - POST /api/v1/doctors/ Status=201 Time=0.0146s
2026-09-07 15:00:02.745 | INFO     | app.core.middleware:dispatch:70 - POST /api/v1/appointments/ Status=201 Time=0.0188s
2026-09-07 15:00:02.764 | INFO     | app.core.middleware:dispatch:70 - PUT /api/v1/appointments/APT-000001 Status=400 Time=0.006s
2026-09-07 15:00:02.791 | INFO     | app.core.middleware:dispatch:70 - PUT /api/v1/appointments/APT-000001 Status=200 Time=0.0168s
2026-09-07 15:00:02.823 | INFO     | app.core.middleware:dispatch:70 - PUT /api/v1/appointments/APT-000001 Status=200 Time=0.0202s
2026-09-07 15:00:02.841 | INFO     | app.core.middleware:dispatch:70 - PUT /api/v1/appointments/APT-000001 Status=400 Time=0.008s
2026-09-07 15:00:03.353 | INFO     | app.core.middleware:dispatch:70 - POST /api/v1/auth/register Status=201 Time=0.4777s
2026-09-07 15:00:03.367 | INFO     | app.core.middleware:dispatch:70 - POST /api/v1/auth/register Status=409 Time=0.0038s
2026-09-07 15:00:03.835 | INFO     | app.core.middleware:dispatch:70 - POST /api/v1/auth/login Status=401 Time=0.4468s
2026-09-07 15:00:04.314 | INFO     | app.core.middleware:dispatch:70 - POST /api/v1/auth/login Status=200 Time=0.4663s
2026-09-07 15:00:04.322 | INFO     | app.core.middleware:dispatch:70 - GET /api/v1/auth/me Status=200 Time=0.0058s
2026-09-07 15:00:05.248 | INFO     | app.core.middleware:dispatch:70 - POST /api/v1/auth/change-password Status=200 Time=0.915s
2026-09-07 15:00:05.717 | INFO     | app.core.middleware:dispatch:70 - POST /api/v1/auth/login Status=200 Time=0.4571s
2026-09-07 15:00:05.743 | INFO     | app.core.middleware:dispatch:70 - GET /api/v1/auth/me Status=401 Time=0.0024s
2026-09-07 15:00:05.747 | INFO     | app.core.middleware:dispatch:70 - GET /api/v1/auth/me Status=401 Time=0.002s
2026-09-07 15:00:06.247 | INFO     | app.core.middleware:dispatch:70 - POST /api/v1/patients/ Status=201 Time=0.0149s
2026-09-07 15:00:06.291 | INFO     | app.core.middleware:dispatch:70 - POST /api/v1/billing/ Status=201 Time=0.0313s
2026-09-07 15:00:06.321 | INFO     | app.core.middleware:dispatch:70 - PATCH /api/v1/billing/INV-000001 Status=200 Time=0.0181s
2026-09-07 15:00:06.333 | INFO     | app.core.middleware:dispatch:70 - GET /api/v1/billing/patient/1 Status=200 Time=0.0095s
2026-09-07 15:00:06.837 | INFO     | app.core.middleware:dispatch:70 - POST /api/v1/departments/ Status=201 Time=0.0249s
2026-09-07 15:00:06.853 | INFO     | app.core.middleware:dispatch:70 - POST /api/v1/departments/ Status=409 Time=0.0048s
2026-09-07 15:00:06.860 | INFO     | app.core.middleware:dispatch:70 - GET /api/v1/departments/1 Status=200 Time=0.0051s
2026-09-07 15:00:06.885 | INFO     | app.core.middleware:dispatch:70 - PATCH /api/v1/departments/1 Status=200 Time=0.0142s
2026-09-07 15:00:06.896 | INFO     | app.core.middleware:dispatch:70 - GET /api/v1/departments/ Status=200 Time=0.0079s
2026-09-07 15:00:07.872 | INFO     | app.core.middleware:dispatch:70 - POST /api/v1/auth/login Status=200 Time=0.4816s
2026-09-07 15:00:07.899 | INFO     | app.core.middleware:dispatch:70 - POST /api/v1/patients/ Status=201 Time=0.0148s
2026-09-07 15:00:07.907 | INFO     | app.core.middleware:dispatch:70 - GET /api/v1/patients/1 Status=200 Time=0.0045s
2026-09-07 15:00:07.934 | INFO     | app.core.middleware:dispatch:70 - POST /api/v1/doctors/ Status=201 Time=0.0148s
2026-09-07 15:00:07.943 | INFO     | app.core.middleware:dispatch:70 - GET /api/v1/doctors/1 Status=200 Time=0.0062s
2026-09-07 15:00:07.974 | INFO     | app.core.middleware:dispatch:70 - POST /api/v1/appointments/ Status=201 Time=0.0204s
2026-09-07 15:00:08.005 | INFO     | app.core.middleware:dispatch:70 - PUT /api/v1/appointments/APT-000001 Status=200 Time=0.0185s
2026-09-07 15:00:08.039 | INFO     | app.core.middleware:dispatch:70 - PATCH /api/v1/appointments/APT-000001/reschedule Status=200 Time=0.0219s
2026-09-07 15:00:08.069 | INFO     | app.core.middleware:dispatch:70 - PUT /api/v1/appointments/APT-000001 Status=200 Time=0.0188s
2026-09-07 15:00:08.084 | INFO     | app.core.middleware:dispatch:70 - GET /api/v1/appointments/ Status=200 Time=0.0123s
2026-09-07 15:00:08.594 | INFO     | app.core.middleware:dispatch:70 - POST /api/v1/patients/ Status=201 Time=0.0135s
2026-09-07 15:00:08.619 | INFO     | app.core.middleware:dispatch:70 - POST /api/v1/doctors/ Status=201 Time=0.0134s
2026-09-07 15:00:08.654 | INFO     | app.core.middleware:dispatch:70 - POST /api/v1/medical-records/ Status=201 Time=0.0255s
2026-09-07 15:00:08.663 | INFO     | app.core.middleware:dispatch:70 - GET /api/v1/medical-records/REC-000001 Status=200 Time=0.0065s
2026-09-07 15:00:08.688 | INFO     | app.core.middleware:dispatch:70 - PATCH /api/v1/medical-records/REC-000001 Status=200 Time=0.0158s
2026-09-07 15:00:08.699 | INFO     | app.core.middleware:dispatch:70 - GET /api/v1/medical-records/patient/1 Status=200 Time=0.0078s
2026-09-07 15:00:10.141 | INFO     | app.core.middleware:dispatch:70 - GET /api/v1/analytics/dashboard Status=200 Time=0.052s
2026-09-07 15:00:10.159 | INFO     | app.core.middleware:dispatch:70 - GET /api/v1/analytics/doctor-workload Status=200 Time=0.0156s
2026-09-07 15:00:10.183 | INFO     | app.core.middleware:dispatch:70 - GET /api/v1/analytics/department-performance Status=200 Time=0.0214s
2026-09-07 15:00:10.203 | INFO     | app.core.middleware:dispatch:70 - GET /api/v1/analytics/patients/1 Status=200 Time=0.0154s
2026-09-07 15:00:10.233 | INFO     | app.core.middleware:dispatch:70 - POST /api/v1/ai/patient-summary/1 Status=200 Time=0.0093s
2026-09-07 15:00:10.248 | INFO     | app.core.middleware:dispatch:70 - POST /api/v1/ai/explain-lab-result Status=200 Time=0.0045s
2026-09-07 15:00:10.267 | INFO     | app.core.middleware:dispatch:70 - POST /api/v1/ai/predict/no-show Status=200 Time=0.0072s
2026-09-07 15:00:10.287 | INFO     | app.core.middleware:dispatch:70 - POST /api/v1/ai/predict/readmission-risk Status=200 Time=0.0095s
2026-09-07 15:00:10.296 | INFO     | app.core.middleware:dispatch:70 - GET /api/v1/ai/predict/bed-occupancy Status=200 Time=0.0067s
2026-09-07 15:00:10.313 | INFO     | app.core.middleware:dispatch:70 - GET /api/v1/ai/predict/medicine-demand Status=200 Time=0.0134s
2026-09-07 15:00:10.321 | INFO     | app.core.middleware:dispatch:70 - GET /api/v1/ai/predict/lab-workload Status=200 Time=0.006s
2026-09-07 15:00:10.344 | INFO     | app.core.middleware:dispatch:70 - GET /api/v1/reports/daily Status=200 Time=0.02s
2026-09-07 15:00:10.360 | INFO     | app.core.middleware:dispatch:70 - GET /api/v1/reports/monthly Status=200 Time=0.0139s
2026-09-07 15:00:10.374 | INFO     | app.core.middleware:dispatch:70 - GET /api/v1/reports/department/1 Status=200 Time=0.0103s
2026-09-07 15:00:10.399 | INFO     | app.core.middleware:dispatch:70 - GET /api/v1/reports/revenue Status=200 Time=0.022s
2026-09-07 15:00:10.413 | INFO     | app.core.middleware:dispatch:70 - GET /api/v1/reports/pharmacy Status=200 Time=0.0117s
2026-09-07 15:00:10.433 | INFO     | app.core.middleware:dispatch:70 - GET /api/v1/reports/laboratory Status=200 Time=0.0168s
2026-09-07 15:00:10.445 | INFO     | app.core.middleware:dispatch:70 - GET /api/v1/reports/patient-statistics Status=200 Time=0.0089s
2026-09-07 15:00:12.275 | INFO     | app.core.middleware:dispatch:70 - GET /api/v1/audit-logs Status=403 Time=0.0056s
2026-09-07 15:00:12.290 | INFO     | app.core.middleware:dispatch:70 - POST /api/v1/laboratory/results/1/review Status=403 Time=0.0054s
2026-09-07 15:00:12.306 | INFO     | app.core.middleware:dispatch:70 - POST /api/v1/admissions/wards Status=403 Time=0.0057s
2026-09-07 15:00:12.311 | INFO     | app.core.middleware:dispatch:70 - GET /api/v1/analytics/patients/1 Status=401 Time=0.0022s
2026-09-07 15:00:12.322 | INFO     | app.core.middleware:dispatch:70 - GET /api/v1/audit-logs Status=200 Time=0.0084s
2026-09-07 15:00:12.325 | INFO     | app.core.middleware:dispatch:70 - GET / Status=200 Time=0.0012s
2026-09-07 15:00:12.852 | INFO     | app.core.middleware:dispatch:70 - POST /api/v1/departments/ Status=201 Time=0.0149s
2026-09-07 15:00:12.879 | INFO     | app.core.middleware:dispatch:70 - POST /api/v1/patients/ Status=201 Time=0.0158s
2026-09-07 15:00:12.906 | INFO     | app.core.middleware:dispatch:70 - POST /api/v1/doctors/ Status=201 Time=0.0165s
2026-09-07 15:00:12.938 | INFO     | app.core.middleware:dispatch:70 - POST /api/v1/appointments/ Status=201 Time=0.0205s
2026-09-07 15:00:12.966 | INFO     | app.core.middleware:dispatch:70 - PUT /api/v1/appointments/APT-000001 Status=200 Time=0.0171s
2026-09-07 15:00:12.997 | INFO     | app.core.middleware:dispatch:70 - POST /api/v1/medical-records/ Status=201 Time=0.0201s
2026-09-07 15:00:13.036 | INFO     | app.core.middleware:dispatch:70 - POST /api/v1/prescriptions/ Status=201 Time=0.0286s
2026-09-07 15:00:13.068 | INFO     | app.core.middleware:dispatch:70 - POST /api/v1/billing/ Status=201 Time=0.0215s
2026-09-07 15:00:13.095 | INFO     | app.core.middleware:dispatch:70 - PUT /api/v1/appointments/APT-000001 Status=200 Time=0.0163s
2026-09-07 15:00:13.123 | INFO     | app.core.middleware:dispatch:70 - PATCH /api/v1/billing/INV-000001 Status=200 Time=0.0164s
2026-09-07 15:00:13.134 | INFO     | app.core.middleware:dispatch:70 - GET /api/v1/medical-records/patient/1 Status=200 Time=0.0078s
2026-09-07 15:00:13.145 | INFO     | app.core.middleware:dispatch:70 - GET /api/v1/prescriptions/patient/1 Status=200 Time=0.0084s
2026-09-07 15:00:13.154 | INFO     | app.core.middleware:dispatch:70 - GET /api/v1/billing/patient/1 Status=200 Time=0.0069s
2026-09-07 15:00:15.946 | INFO     | app.core.middleware:dispatch:70 - POST /api/v1/appointments/ Status=201 Time=0.0195s
2026-09-07 15:00:15.974 | INFO     | app.core.middleware:dispatch:70 - PATCH /api/v1/appointments/1/reschedule Status=200 Time=0.0168s
2026-09-07 15:00:16.004 | INFO     | app.core.middleware:dispatch:70 - POST /api/v1/laboratory/catalog Status=201 Time=0.0188s
2026-09-07 15:00:16.038 | INFO     | app.core.middleware:dispatch:70 - POST /api/v1/laboratory/orders Status=201 Time=0.0232s
2026-09-07 15:00:16.067 | INFO     | app.core.middleware:dispatch:70 - POST /api/v1/laboratory/orders/1/collect-sample Status=200 Time=0.018s
2026-09-07 15:00:16.108 | INFO     | app.core.middleware:dispatch:70 - POST /api/v1/laboratory/orders/1/results Status=201 Time=0.0298s
2026-09-07 15:00:16.134 | INFO     | app.core.middleware:dispatch:70 - POST /api/v1/laboratory/results/1/review Status=200 Time=0.0156s
2026-09-07 15:00:16.145 | INFO     | app.core.middleware:dispatch:70 - GET /api/v1/laboratory/patients/1/report Status=200 Time=0.0085s
2026-09-07 15:00:16.174 | INFO     | app.core.middleware:dispatch:70 - POST /api/v1/pharmacy/inventory Status=201 Time=0.018s
2026-09-07 15:00:16.217 | INFO     | app.core.middleware:dispatch:70 - POST /api/v1/pharmacy/dispense Status=201 Time=0.0323s
2026-09-07 15:00:16.225 | INFO     | app.core.middleware:dispatch:70 - GET /api/v1/pharmacy/inventory/1 Status=200 Time=0.0053s
2026-09-07 15:00:16.227 | WARNING  | app.core.middleware:dispatch:37 - Rate limit exceeded for IP: testclient
2026-09-07 15:00:16.924 | WARNING  | app.core.middleware:dispatch:37 - Rate limit exceeded for IP: testclient
2026-09-07 15:00:16.965 | WARNING  | app.core.middleware:dispatch:37 - Rate limit exceeded for IP: testclient
2026-09-07 15:00:16.967 | WARNING  | app.core.middleware:dispatch:37 - Rate limit exceeded for IP: testclient
2026-09-07 15:01:16.860 | INFO     | app.core.middleware:dispatch:72 - POST /api/v1/patients/ Status=201 Time=0.0201s
2026-09-07 15:01:16.891 | INFO     | app.core.middleware:dispatch:72 - POST /api/v1/doctors/ Status=201 Time=0.0188s
2026-09-07 15:01:16.927 | INFO     | app.core.middleware:dispatch:72 - POST /api/v1/appointments/ Status=201 Time=0.0267s
2026-09-07 15:01:17.427 | INFO     | app.core.middleware:dispatch:72 - POST /api/v1/patients/ Status=201 Time=0.0153s
2026-09-07 15:01:17.453 | INFO     | app.core.middleware:dispatch:72 - POST /api/v1/patients/ Status=201 Time=0.0136s
2026-09-07 15:01:17.478 | INFO     | app.core.middleware:dispatch:72 - POST /api/v1/doctors/ Status=201 Time=0.014s
2026-09-07 15:01:17.504 | INFO     | app.core.middleware:dispatch:72 - POST /api/v1/doctors/ Status=201 Time=0.0145s
2026-09-07 15:01:17.529 | INFO     | app.core.middleware:dispatch:72 - POST /api/v1/doctors/ Status=201 Time=0.0145s
2026-09-07 15:01:17.545 | INFO     | app.core.middleware:dispatch:72 - POST /api/v1/appointments/ Status=404 Time=0.0049s
2026-09-07 15:01:17.561 | INFO     | app.core.middleware:dispatch:72 - POST /api/v1/appointments/ Status=400 Time=0.0056s
2026-09-07 15:01:17.577 | INFO     | app.core.middleware:dispatch:72 - POST /api/v1/appointments/ Status=404 Time=0.0054s
2026-09-07 15:01:17.595 | INFO     | app.core.middleware:dispatch:72 - POST /api/v1/appointments/ Status=400 Time=0.0062s
2026-09-07 15:01:17.611 | INFO     | app.core.middleware:dispatch:72 - POST /api/v1/appointments/ Status=400 Time=0.0053s
2026-09-07 15:01:18.108 | INFO     | app.core.middleware:dispatch:72 - POST /api/v1/patients/ Status=201 Time=0.0142s
2026-09-07 15:01:18.133 | INFO     | app.core.middleware:dispatch:72 - POST /api/v1/patients/ Status=201 Time=0.0141s
2026-09-07 15:01:18.159 | INFO     | app.core.middleware:dispatch:72 - POST /api/v1/doctors/ Status=201 Time=0.0144s
2026-09-07 15:01:18.188 | INFO     | app.core.middleware:dispatch:72 - POST /api/v1/appointments/ Status=201 Time=0.0183s
2026-09-07 15:01:18.206 | INFO     | app.core.middleware:dispatch:72 - POST /api/v1/appointments/ Status=409 Time=0.0075s
2026-09-07 15:01:18.689 | INFO     | app.core.middleware:dispatch:72 - POST /api/v1/patients/ Status=201 Time=0.0144s
2026-09-07 15:01:18.717 | INFO     | app.core.middleware:dispatch:72 - POST /api/v1/doctors/ Status=201 Time=0.0156s
2026-09-07 15:01:18.749 | INFO     | app.core.middleware:dispatch:72 - POST /api/v1/appointments/ Status=201 Time=0.0218s
2026-09-07 15:01:18.780 | INFO     | app.core.middleware:dispatch:72 - POST /api/v1/appointments/ Status=201 Time=0.0186s
2026-09-07 15:01:18.796 | INFO     | app.core.middleware:dispatch:72 - GET /api/v1/appointments/ Status=200 Time=0.0137s
2026-09-07 15:01:18.810 | INFO     | app.core.middleware:dispatch:72 - GET /api/v1/appointments/ Status=200 Time=0.0115s
2026-09-07 15:01:19.306 | INFO     | app.core.middleware:dispatch:72 - POST /api/v1/patients/ Status=201 Time=0.015s
2026-09-07 15:01:19.330 | INFO     | app.core.middleware:dispatch:72 - POST /api/v1/doctors/ Status=201 Time=0.0136s
2026-09-07 15:01:19.360 | INFO     | app.core.middleware:dispatch:72 - POST /api/v1/appointments/ Status=201 Time=0.0186s
2026-09-07 15:01:19.369 | INFO     | app.core.middleware:dispatch:72 - GET /api/v1/appointments/APT-000001 Status=200 Time=0.0057s
2026-09-07 15:01:19.398 | INFO     | app.core.middleware:dispatch:72 - PUT /api/v1/appointments/APT-000001 Status=200 Time=0.019s
2026-09-07 15:01:19.429 | INFO     | app.core.middleware:dispatch:72 - PATCH /api/v1/appointments/APT-000001/reschedule Status=200 Time=0.0198s
2026-09-07 15:01:19.458 | INFO     | app.core.middleware:dispatch:72 - DELETE /api/v1/appointments/APT-000001 Status=200 Time=0.018s
2026-09-07 15:01:19.954 | INFO     | app.core.middleware:dispatch:72 - POST /api/v1/patients/ Status=201 Time=0.0156s
2026-09-07 15:01:19.980 | INFO     | app.core.middleware:dispatch:72 - POST /api/v1/doctors/ Status=201 Time=0.0146s
2026-09-07 15:01:20.010 | INFO     | app.core.middleware:dispatch:72 - POST /api/v1/appointments/ Status=201 Time=0.0189s
2026-09-07 15:01:20.027 | INFO     | app.core.middleware:dispatch:72 - PUT /api/v1/appointments/APT-000001 Status=400 Time=0.0052s
2026-09-07 15:01:20.053 | INFO     | app.core.middleware:dispatch:72 - PUT /api/v1/appointments/APT-000001 Status=200 Time=0.0158s
2026-09-07 15:01:20.080 | INFO     | app.core.middleware:dispatch:72 - PUT /api/v1/appointments/APT-000001 Status=200 Time=0.0159s
2026-09-07 15:01:20.098 | INFO     | app.core.middleware:dispatch:72 - PUT /api/v1/appointments/APT-000001 Status=400 Time=0.0064s
2026-09-07 15:01:20.599 | INFO     | app.core.middleware:dispatch:72 - POST /api/v1/auth/register Status=201 Time=0.4688s
2026-09-07 15:01:20.613 | INFO     | app.core.middleware:dispatch:72 - POST /api/v1/auth/register Status=409 Time=0.0032s
2026-09-07 15:01:21.068 | INFO     | app.core.middleware:dispatch:72 - POST /api/v1/auth/login Status=401 Time=0.4353s
2026-09-07 15:01:21.541 | INFO     | app.core.middleware:dispatch:72 - POST /api/v1/auth/login Status=200 Time=0.4615s
2026-09-07 15:01:21.549 | INFO     | app.core.middleware:dispatch:72 - GET /api/v1/auth/me Status=200 Time=0.0058s
2026-09-07 15:01:22.465 | INFO     | app.core.middleware:dispatch:72 - POST /api/v1/auth/change-password Status=200 Time=0.9046s
2026-09-07 15:01:22.927 | INFO     | app.core.middleware:dispatch:72 - POST /api/v1/auth/login Status=200 Time=0.4515s
2026-09-07 15:01:22.952 | INFO     | app.core.middleware:dispatch:72 - GET /api/v1/auth/me Status=401 Time=0.0021s
2026-09-07 15:01:22.956 | INFO     | app.core.middleware:dispatch:72 - GET /api/v1/auth/me Status=401 Time=0.0019s
2026-09-07 15:01:23.446 | INFO     | app.core.middleware:dispatch:72 - POST /api/v1/patients/ Status=201 Time=0.0151s
2026-09-07 15:01:23.490 | INFO     | app.core.middleware:dispatch:72 - POST /api/v1/billing/ Status=201 Time=0.0325s
2026-09-07 15:01:23.519 | INFO     | app.core.middleware:dispatch:72 - PATCH /api/v1/billing/INV-000001 Status=200 Time=0.0176s
2026-09-07 15:01:23.532 | INFO     | app.core.middleware:dispatch:72 - GET /api/v1/billing/patient/1 Status=200 Time=0.0084s
2026-09-07 15:01:24.040 | INFO     | app.core.middleware:dispatch:72 - POST /api/v1/departments/ Status=201 Time=0.0225s
2026-09-07 15:01:24.056 | INFO     | app.core.middleware:dispatch:72 - POST /api/v1/departments/ Status=409 Time=0.0053s
2026-09-07 15:01:24.064 | INFO     | app.core.middleware:dispatch:72 - GET /api/v1/departments/1 Status=200 Time=0.0053s
2026-09-07 15:01:24.090 | INFO     | app.core.middleware:dispatch:72 - PATCH /api/v1/departments/1 Status=200 Time=0.0155s
2026-09-07 15:01:24.101 | INFO     | app.core.middleware:dispatch:72 - GET /api/v1/departments/ Status=200 Time=0.008s
2026-09-07 15:01:25.044 | INFO     | app.core.middleware:dispatch:72 - POST /api/v1/auth/login Status=200 Time=0.4602s
2026-09-07 15:01:25.069 | INFO     | app.core.middleware:dispatch:72 - POST /api/v1/patients/ Status=201 Time=0.0137s
2026-09-07 15:01:25.077 | INFO     | app.core.middleware:dispatch:72 - GET /api/v1/patients/1 Status=200 Time=0.0046s
2026-09-07 15:01:25.102 | INFO     | app.core.middleware:dispatch:72 - POST /api/v1/doctors/ Status=201 Time=0.0149s
2026-09-07 15:01:25.110 | INFO     | app.core.middleware:dispatch:72 - GET /api/v1/doctors/1 Status=200 Time=0.0046s
2026-09-07 15:01:25.140 | INFO     | app.core.middleware:dispatch:72 - POST /api/v1/appointments/ Status=201 Time=0.0191s
2026-09-07 15:01:25.167 | INFO     | app.core.middleware:dispatch:72 - PUT /api/v1/appointments/APT-000001 Status=200 Time=0.0158s
2026-09-07 15:01:25.197 | INFO     | app.core.middleware:dispatch:72 - PATCH /api/v1/appointments/APT-000001/reschedule Status=200 Time=0.0183s
2026-09-07 15:01:25.226 | INFO     | app.core.middleware:dispatch:72 - PUT /api/v1/appointments/APT-000001 Status=200 Time=0.0172s
2026-09-07 15:01:25.239 | INFO     | app.core.middleware:dispatch:72 - GET /api/v1/appointments/ Status=200 Time=0.0106s
2026-09-07 15:01:25.737 | INFO     | app.core.middleware:dispatch:72 - POST /api/v1/patients/ Status=201 Time=0.016s
2026-09-07 15:01:25.761 | INFO     | app.core.middleware:dispatch:72 - POST /api/v1/doctors/ Status=201 Time=0.0134s
2026-09-07 15:01:25.798 | INFO     | app.core.middleware:dispatch:72 - POST /api/v1/medical-records/ Status=201 Time=0.0261s
2026-09-07 15:01:25.808 | INFO     | app.core.middleware:dispatch:72 - GET /api/v1/medical-records/REC-000001 Status=200 Time=0.0059s
2026-09-07 15:01:25.836 | INFO     | app.core.middleware:dispatch:72 - PATCH /api/v1/medical-records/REC-000001 Status=200 Time=0.0176s
2026-09-07 15:01:25.846 | INFO     | app.core.middleware:dispatch:72 - GET /api/v1/medical-records/patient/1 Status=200 Time=0.0072s
2026-09-07 15:01:27.307 | INFO     | app.core.middleware:dispatch:72 - GET /api/v1/analytics/dashboard Status=200 Time=0.0519s
2026-09-07 15:01:27.324 | INFO     | app.core.middleware:dispatch:72 - GET /api/v1/analytics/doctor-workload Status=200 Time=0.0145s
2026-09-07 15:01:27.350 | INFO     | app.core.middleware:dispatch:72 - GET /api/v1/analytics/department-performance Status=200 Time=0.0229s
2026-09-07 15:01:27.370 | INFO     | app.core.middleware:dispatch:72 - GET /api/v1/analytics/patients/1 Status=200 Time=0.0159s
2026-09-07 15:01:27.396 | INFO     | app.core.middleware:dispatch:72 - POST /api/v1/ai/patient-summary/1 Status=200 Time=0.0103s
2026-09-07 15:01:27.412 | INFO     | app.core.middleware:dispatch:72 - POST /api/v1/ai/explain-lab-result Status=200 Time=0.0044s
2026-09-07 15:01:27.430 | INFO     | app.core.middleware:dispatch:72 - POST /api/v1/ai/predict/no-show Status=200 Time=0.0068s
2026-09-07 15:01:27.451 | INFO     | app.core.middleware:dispatch:72 - POST /api/v1/ai/predict/readmission-risk Status=200 Time=0.0094s
2026-09-07 15:01:27.461 | INFO     | app.core.middleware:dispatch:72 - GET /api/v1/ai/predict/bed-occupancy Status=200 Time=0.0078s
2026-09-07 15:01:27.478 | INFO     | app.core.middleware:dispatch:72 - GET /api/v1/ai/predict/medicine-demand Status=200 Time=0.013s
2026-09-07 15:01:27.487 | INFO     | app.core.middleware:dispatch:72 - GET /api/v1/ai/predict/lab-workload Status=200 Time=0.0056s
2026-09-07 15:01:27.509 | INFO     | app.core.middleware:dispatch:72 - GET /api/v1/reports/daily Status=200 Time=0.0194s
2026-09-07 15:01:27.525 | INFO     | app.core.middleware:dispatch:72 - GET /api/v1/reports/monthly Status=200 Time=0.0127s
2026-09-07 15:01:27.539 | INFO     | app.core.middleware:dispatch:72 - GET /api/v1/reports/department/1 Status=200 Time=0.0092s
2026-09-07 15:01:27.562 | INFO     | app.core.middleware:dispatch:72 - GET /api/v1/reports/revenue Status=200 Time=0.0211s
2026-09-07 15:01:27.576 | INFO     | app.core.middleware:dispatch:72 - GET /api/v1/reports/pharmacy Status=200 Time=0.0114s
2026-09-07 15:01:27.596 | INFO     | app.core.middleware:dispatch:72 - GET /api/v1/reports/laboratory Status=200 Time=0.0167s
2026-09-07 15:01:27.607 | INFO     | app.core.middleware:dispatch:72 - GET /api/v1/reports/patient-statistics Status=200 Time=0.0084s
2026-09-07 15:01:29.485 | INFO     | app.core.middleware:dispatch:72 - GET /api/v1/audit-logs Status=403 Time=0.0051s
2026-09-07 15:01:29.500 | INFO     | app.core.middleware:dispatch:72 - POST /api/v1/laboratory/results/1/review Status=403 Time=0.005s
2026-09-07 15:01:29.517 | INFO     | app.core.middleware:dispatch:72 - POST /api/v1/admissions/wards Status=403 Time=0.0056s
2026-09-07 15:01:29.522 | INFO     | app.core.middleware:dispatch:72 - GET /api/v1/analytics/patients/1 Status=401 Time=0.0024s
2026-09-07 15:01:29.532 | INFO     | app.core.middleware:dispatch:72 - GET /api/v1/audit-logs Status=200 Time=0.0081s
2026-09-07 15:01:29.536 | INFO     | app.core.middleware:dispatch:72 - GET / Status=200 Time=0.0013s
2026-09-07 15:01:30.056 | INFO     | app.core.middleware:dispatch:72 - POST /api/v1/departments/ Status=201 Time=0.0155s
2026-09-07 15:01:30.083 | INFO     | app.core.middleware:dispatch:72 - POST /api/v1/patients/ Status=201 Time=0.0152s
2026-09-07 15:01:30.113 | INFO     | app.core.middleware:dispatch:72 - POST /api/v1/doctors/ Status=201 Time=0.0178s
2026-09-07 15:01:30.146 | INFO     | app.core.middleware:dispatch:72 - POST /api/v1/appointments/ Status=201 Time=0.0218s
2026-09-07 15:01:30.175 | INFO     | app.core.middleware:dispatch:72 - PUT /api/v1/appointments/APT-000001 Status=200 Time=0.0176s
2026-09-07 15:01:30.207 | INFO     | app.core.middleware:dispatch:72 - POST /api/v1/medical-records/ Status=201 Time=0.0206s
2026-09-07 15:01:30.249 | INFO     | app.core.middleware:dispatch:72 - POST /api/v1/prescriptions/ Status=201 Time=0.0305s
2026-09-07 15:01:30.281 | INFO     | app.core.middleware:dispatch:72 - POST /api/v1/billing/ Status=201 Time=0.0202s
2026-09-07 15:01:30.311 | INFO     | app.core.middleware:dispatch:72 - PUT /api/v1/appointments/APT-000001 Status=200 Time=0.0187s
2026-09-07 15:01:30.340 | INFO     | app.core.middleware:dispatch:72 - PATCH /api/v1/billing/INV-000001 Status=200 Time=0.0172s
2026-09-07 15:01:30.351 | INFO     | app.core.middleware:dispatch:72 - GET /api/v1/medical-records/patient/1 Status=200 Time=0.0081s
2026-09-07 15:01:30.362 | INFO     | app.core.middleware:dispatch:72 - GET /api/v1/prescriptions/patient/1 Status=200 Time=0.0078s
2026-09-07 15:01:30.373 | INFO     | app.core.middleware:dispatch:72 - GET /api/v1/billing/patient/1 Status=200 Time=0.0087s
2026-09-07 15:01:33.155 | INFO     | app.core.middleware:dispatch:72 - POST /api/v1/appointments/ Status=201 Time=0.0185s
2026-09-07 15:01:33.188 | INFO     | app.core.middleware:dispatch:72 - PATCH /api/v1/appointments/1/reschedule Status=200 Time=0.0209s
2026-09-07 15:01:33.221 | INFO     | app.core.middleware:dispatch:72 - POST /api/v1/laboratory/catalog Status=201 Time=0.0193s
2026-09-07 15:01:33.258 | INFO     | app.core.middleware:dispatch:72 - POST /api/v1/laboratory/orders Status=201 Time=0.0258s
2026-09-07 15:01:33.288 | INFO     | app.core.middleware:dispatch:72 - POST /api/v1/laboratory/orders/1/collect-sample Status=200 Time=0.0186s
2026-09-07 15:01:33.333 | INFO     | app.core.middleware:dispatch:72 - POST /api/v1/laboratory/orders/1/results Status=201 Time=0.0318s
2026-09-07 15:01:33.360 | INFO     | app.core.middleware:dispatch:72 - POST /api/v1/laboratory/results/1/review Status=200 Time=0.0163s
2026-09-07 15:01:33.371 | INFO     | app.core.middleware:dispatch:72 - GET /api/v1/laboratory/patients/1/report Status=200 Time=0.0082s
2026-09-07 15:01:33.401 | INFO     | app.core.middleware:dispatch:72 - POST /api/v1/pharmacy/inventory Status=201 Time=0.0189s
2026-09-07 15:01:33.443 | INFO     | app.core.middleware:dispatch:72 - POST /api/v1/pharmacy/dispense Status=201 Time=0.0316s
2026-09-07 15:01:33.450 | INFO     | app.core.middleware:dispatch:72 - GET /api/v1/pharmacy/inventory/1 Status=200 Time=0.0045s
2026-09-07 15:01:33.477 | INFO     | app.core.middleware:dispatch:72 - POST /api/v1/admissions/wards Status=201 Time=0.0169s
2026-09-07 15:01:33.517 | INFO     | app.core.middleware:dispatch:72 - POST /api/v1/admissions/beds Status=201 Time=0.0287s
2026-09-07 15:01:33.552 | INFO     | app.core.middleware:dispatch:72 - POST /api/v1/admissions/beds Status=201 Time=0.0243s
2026-09-07 15:01:33.599 | INFO     | app.core.middleware:dispatch:72 - POST /api/v1/admissions Status=201 Time=0.0373s
2026-09-07 15:01:33.634 | INFO     | app.core.middleware:dispatch:72 - POST /api/v1/admissions/1/transfer Status=200 Time=0.0241s
2026-09-07 15:01:33.664 | INFO     | app.core.middleware:dispatch:72 - POST /api/v1/admissions/1/discharge Status=200 Time=0.0192s
2026-09-07 15:01:33.695 | INFO     | app.core.middleware:dispatch:72 - POST /api/v1/billing/ Status=201 Time=0.0192s
2026-09-07 15:01:33.726 | INFO     | app.core.middleware:dispatch:72 - POST /api/v1/billing/INV-000001/payments Status=201 Time=0.0198s
2026-09-07 15:01:33.739 | INFO     | app.core.middleware:dispatch:72 - GET /api/v1/billing/INV-000001 Status=200 Time=0.0089s
2026-09-07 15:01:33.766 | INFO     | app.core.middleware:dispatch:72 - POST /api/v1/billing/INV-000001/refund Status=200 Time=0.016s
2026-09-07 15:01:33.792 | INFO     | app.core.middleware:dispatch:72 - GET /api/v1/department-head/overview/1 Status=200 Time=0.0224s
2026-09-07 15:01:34.325 | INFO     | app.core.middleware:dispatch:72 - POST /api/v1/patients/ Status=201 Time=0.0587s
2026-09-07 15:01:34.350 | INFO     | app.core.middleware:dispatch:72 - POST /api/v1/doctors/ Status=201 Time=0.0138s
2026-09-07 15:01:34.384 | INFO     | app.core.middleware:dispatch:72 - POST /api/v1/prescriptions/ Status=201 Time=0.0224s
2026-09-07 15:01:34.395 | INFO     | app.core.middleware:dispatch:72 - GET /api/v1/prescriptions/RX-000001 Status=200 Time=0.0065s
2026-09-07 15:01:34.404 | INFO     | app.core.middleware:dispatch:72 - GET /api/v1/prescriptions/patient/1 Status=200 Time=0.0066s
2026-09-07 15:01:34.896 | INFO     | app.core.middleware:dispatch:72 - POST /api/v1/auth/register Status=201 Time=0.4603s
2026-09-07 15:01:35.361 | INFO     | app.core.middleware:dispatch:72 - POST /api/v1/auth/login Status=200 Time=0.4542s
2026-09-07 15:01:35.389 | INFO     | app.core.middleware:dispatch:72 - POST /api/v1/patients/ Status=201 Time=0.0158s
2026-09-07 15:01:35.413 | INFO     | app.core.middleware:dispatch:72 - POST /api/v1/patients/ Status=201 Time=0.0132s
2026-09-07 15:01:35.883 | INFO     | app.core.middleware:dispatch:72 - POST /api/v1/auth/register Status=201 Time=0.4584s
2026-09-07 15:01:36.347 | INFO     | app.core.middleware:dispatch:72 - POST /api/v1/auth/login Status=200 Time=0.4518s
2026-09-07 15:01:36.355 | INFO     | app.core.middleware:dispatch:72 - GET /api/v1/patients/1 Status=200 Time=0.0042s
2026-09-07 15:01:36.361 | INFO     | app.core.middleware:dispatch:72 - GET /api/v1/patients/2 Status=403 Time=0.0032s
2026-09-07 15:01:36.375 | INFO     | app.core.middleware:dispatch:72 - POST /api/v1/departments/ Status=403 Time=0.0043s
